// Jest Snapshot v1, https://goo.gl/fbAQLP

exports[`<About /> Should render correctly 1`] = `
<h1>
  This is about us!
</h1>
`;
