// Jest Snapshot v1, https://goo.gl/fbAQLP

exports[`<Movie /> Should render correctly 1`] = `
<div>
  Hello 
</div>
`;
